------------------------------------------------------------
TimeQuest Timing Analyzer Summary
------------------------------------------------------------

Type  : Slow Model Setup 'Div_Freq:FreqDiv|clk_out'
Slack : -13.330
TNS   : -1818.081

Type  : Slow Model Setup 'CLOCK_50'
Slack : -5.623
TNS   : -158.676

Type  : Slow Model Hold 'CLOCK_50'
Slack : -2.551
TNS   : -2.551

Type  : Slow Model Hold 'Div_Freq:FreqDiv|clk_out'
Slack : 0.548
TNS   : 0.000

Type  : Slow Model Minimum Pulse Width 'Div_Freq:FreqDiv|clk_out'
Slack : -2.000
TNS   : -347.000

Type  : Slow Model Minimum Pulse Width 'CLOCK_50'
Slack : -1.380
TNS   : -78.380

Type  : Fast Model Setup 'Div_Freq:FreqDiv|clk_out'
Slack : -5.477
TNS   : -728.614

Type  : Fast Model Setup 'CLOCK_50'
Slack : -1.876
TNS   : -37.440

Type  : Fast Model Hold 'CLOCK_50'
Slack : -1.593
TNS   : -1.593

Type  : Fast Model Hold 'Div_Freq:FreqDiv|clk_out'
Slack : 0.252
TNS   : 0.000

Type  : Fast Model Minimum Pulse Width 'Div_Freq:FreqDiv|clk_out'
Slack : -2.000
TNS   : -347.000

Type  : Fast Model Minimum Pulse Width 'CLOCK_50'
Slack : -1.380
TNS   : -78.380

------------------------------------------------------------
